--- TESTING MESSAGING ESCROW (DIRECT BALANCE VERSION) ---
Step 0: Manually setting User A balance to 100...
Looking for thread...
No existing thread found, creating one...
New Thread Created: 3c1a3220-a857-46f7-9669-575597cb8b1d

--- Step 1: User A sends first message ---
